// Jest Snapshot v1, https://goo.gl/fbAQLP

exports[`Pruebas en <GifItem/> debe de hacer match con el snapshot 1`] = `
<div>
  <div
    class="card animate__animated animate__fadeIn"
  >
    <p>
      Dragon Ball Z
    </p>
    <img
      alt="Dragon Ball Z"
      src="https://dragon-ball-zcom/saitama.jpg"
    />
  </div>
</div>
`;
